Flutter crash report.
Please report a bug at https://github.com/flutter/flutter/issues.

## command

flutter run -d emulator-5554 --dart-define=API_BASE_URL=http://10.0.2.2:8080/api/v1

## exception

PathAccessException: PathAccessException: Cannot open file, path = 'C:\Users\oren.jacobi\develop\flutter\bin\cache\engine.realm' (OS Error: The process cannot access the file because it is being used by another process, errno = 32)

```
#0      _File.throwIfError (dart:io/file_impl.dart:779:7)
#1      _File.openSync (dart:io/file_impl.dart:572:5)
#2      _File.readAsBytesSync (dart:io/file_impl.dart:660:18)
#3      _File.readAsStringSync (dart:io/file_impl.dart:715:18)
#4      ForwardingFile.readAsStringSync (package:file/src/forwarding/forwarding_file.dart:99:16)
#5      ErrorHandlingFile.readAsStringSync.<anonymous closure> (package:flutter_tools/src/base/error_handling_io.dart:212:22)
#6      _runSync (package:flutter_tools/src/base/error_handling_io.dart:552:14)
#7      ErrorHandlingFile.readAsStringSync (package:flutter_tools/src/base/error_handling_io.dart:211:12)
#8      Cache.getRealmFor (package:flutter_tools/src/cache.dart:692:47)
#9      Cache.storageRealm (package:flutter_tools/src/cache.dart:508:23)
#10     Cache.storageBaseUrl (package:flutter_tools/src/cache.dart:531:14)
#11     Cache._createUpdater (package:flutter_tools/src/cache.dart:230:33)
#12     Cache._artifactUpdater (package:flutter_tools/src/cache.dart:213:49)
#13     Cache._artifactUpdater (package:flutter_tools/src/cache.dart)
#14     Cache.updateAll (package:flutter_tools/src/cache.dart:761:31)
<asynchronous suspension>
#15     FlutterCommand.verifyThenRunCommand (package:flutter_tools/src/runner/flutter_command.dart:1905:7)
<asynchronous suspension>
#16     FlutterCommand.run.<anonymous closure> (package:flutter_tools/src/runner/flutter_command.dart:1590:27)
<asynchronous suspension>
#17     AppContext.run.<anonymous closure> (package:flutter_tools/src/base/context.dart:154:19)
<asynchronous suspension>
#18     CommandRunner.runCommand (package:args/command_runner.dart:212:13)
<asynchronous suspension>
#19     FlutterCommandRunner.runCommand.<anonymous closure> (package:flutter_tools/src/runner/flutter_command_runner.dart:496:9)
<asynchronous suspension>
#20     AppContext.run.<anonymous closure> (package:flutter_tools/src/base/context.dart:154:19)
<asynchronous suspension>
#21     FlutterCommandRunner.runCommand (package:flutter_tools/src/runner/flutter_command_runner.dart:431:5)
<asynchronous suspension>
#22     FlutterCommandRunner.run.<anonymous closure> (package:flutter_tools/src/runner/flutter_command_runner.dart:307:33)
<asynchronous suspension>
#23     run.<anonymous closure>.<anonymous closure> (package:flutter_tools/runner.dart:104:11)
<asynchronous suspension>
#24     AppContext.run.<anonymous closure> (package:flutter_tools/src/base/context.dart:154:19)
<asynchronous suspension>
#25     main (package:flutter_tools/executable.dart:103:3)
<asynchronous suspension>
```

## flutter doctor

```
[32m[✓][39m Flutter (Channel stable, 3.41.9, on Microsoft Windows [Version 10.0.26200.8457], locale en-US) [1,100ms]
    [32m•[39m Flutter version 3.41.9 on channel stable at C:\Users\oren.jacobi\develop\flutter
    [32m•[39m Upstream repository https://github.com/flutter/flutter.git
    [32m•[39m Framework revision 00b0c91f06 (6 weeks ago), 2026-04-29 10:03:19 -0700
    [32m•[39m Engine revision 42d3d75a56
    [32m•[39m Dart version 3.11.5
    [32m•[39m DevTools version 2.54.2
    [32m•[39m Feature flags: enable-web, enable-linux-desktop, enable-macos-desktop, enable-windows-desktop, enable-android,
      enable-ios, cli-animations, enable-native-assets, omit-legacy-version-file, enable-lldb-debugging,
      enable-uiscene-migration

[32m[✓][39m Windows Version (11 Pro 64-bit, 25H2, 2009) [3.3s]

[32m[✓][39m Android toolchain - develop for Android devices (Android SDK version 36.1.0) [6.9s]
    [32m•[39m Android SDK at C:\Users\oren.jacobi\AppData\Local\Android\sdk
    [32m•[39m Emulator version 36.5.11.0 (build_id 15261927) (CL:N/A)
    [32m•[39m Platform android-36.1, build-tools 36.1.0
    [32m•[39m Java binary at: C:\Program Files\Android\Android Studio\jbr\bin\java
      This is the JDK bundled with the latest Android Studio installation on this machine.
      To manually set the JDK path, use: `flutter config --jdk-dir="path/to/jdk"`.
    [32m•[39m Java version OpenJDK Runtime Environment (build 21.0.10+-14961533-b1163.108)
    [32m•[39m All Android licenses accepted.

[32m[✓][39m Chrome - develop for the web [364ms]
    [32m•[39m Chrome at C:\Program Files\Google\Chrome\Application\chrome.exe

[32m[✓][39m Visual Studio - develop Windows apps (Visual Studio Professional 2026 18.5.2) [359ms]
    [32m•[39m Visual Studio at C:\Program Files\Microsoft Visual Studio\18\Professional
    [32m•[39m Visual Studio Professional 2026 version 18.5.11723.231
    [32m•[39m Windows 10 SDK version 10.0.26100.0

[32m[✓][39m Connected device (4 available) [908ms]
    [32m•[39m sdk gphone16k x86 64 (mobile) • emulator-5554 • android-x64    • Android 17 (API 37) (emulator)
    [32m•[39m Windows (desktop)             • windows       • windows-x64    • Microsoft Windows [Version 10.0.26200.8457]
    [32m•[39m Chrome (web)                  • chrome        • web-javascript • Google Chrome 149.0.7827.54
    [32m•[39m Edge (web)                    • edge          • web-javascript • Microsoft Edge 149.0.4022.52

[32m[✓][39m Network resources [899ms]
    [32m•[39m All expected network resources are available.

[32m•[39m No issues found!
```
